// Jest Snapshot v1, https://goo.gl/fbAQLP

exports[`should match its snapshot with items 1`] = `
<div
  className="sideFilter"
>
  <div
    className="CatFilterList"
  >
    <div
      className="filterItem"
      data-category-id={0}
      onClick={[Function]}
    >
      Clothing
    </div>
    <div
      className="filterItem"
      data-category-id={40}
      onClick={[Function]}
    >
      Beachwear
    </div>
    <div
      className="filterItem"
      data-category-id={48}
      onClick={[Function]}
    >
      Coat
    </div>
    <div
      className="filterItem"
      data-category-id={46}
      onClick={[Function]}
    >
      Dress
    </div>
    <div
      className="filterItem"
      data-category-id={44}
      onClick={[Function]}
    >
      Jackets
    </div>
    <div
      className="filterItem"
      data-category-id={55}
      onClick={[Function]}
    >
      Jeans
    </div>
    <div
      className="filterItem"
      data-category-id={42}
      onClick={[Function]}
    >
      Pants
    </div>
    <div
      className="filterItem"
      data-category-id={39}
      onClick={[Function]}
    >
      Top
    </div>
    <div
      className="filterItem"
      data-category-id={49}
      onClick={[Function]}
    >
      Wrap
    </div>
  </div>
  <div
    className="DesignerFilter"
  >
    Loading
  </div>
  <div
    className="ColorFilter"
  >
    Loading
  </div>
</div>
`;

exports[`should render a todo item  1`] = `
<div
  className="sideFilter"
>
  <CategoryFilter />
  <DesignerFilter />
  <ColorFilter />
</div>
`;
